// Jest Snapshot v1, https://goo.gl/fbAQLP

exports[`<Button /> spec renders the component 1`] = `
<DocumentFragment>
  <button
    class="storybook-button storybook-button--medium storybook-button--primary"
    type="button"
  >
    <span>
      My Button
    </span>
  </button>
</DocumentFragment>
`;
